// Jest Snapshot v1, https://goo.gl/fbAQLP

exports[`AlbumPage container should match the props sent to the component 1`] = `
Object {
  "album": "mock album",
  "band": "mock band",
  "loading": true,
}
`;
