// Jest Snapshot v1, https://goo.gl/fbAQLP

exports[`BandPage container should match the props sent to the component 1`] = `
Object {
  "albums": Array [
    Object {
      "id": 1,
      "name": "mock album",
    },
  ],
  "band": "mock band",
  "loading": true,
}
`;
