// Jest Snapshot v1, https://goo.gl/fbAQLP

exports[`HomePage container should match the props sent to the component 1`] = `
Object {
  "messages": "mock messages",
}
`;
