// Jest Snapshot v1, https://goo.gl/fbAQLP

exports[`<HomePage /> should render and match the snapshot 1`] = `
<div>
  <p>
    <ForwardRef
      to="/band/1"
    >
      Band Name
    </ForwardRef>
  </p>
  <button
    disabled={false}
  >
    Previous Page
  </button>
  <button
    disabled={false}
  >
    Next Page
  </button>
</div>
`;
